$$S_re$2d_frame$2estd$2dinterce_dc3eb193:aa
JSCompiler_StaticMethods_assoc_BANG_:mg
JSCompiler_StaticMethods_cljs$core$ITransientVector$_assoc_n_BANG_$arity$3:tf
JSCompiler_StaticMethods_forceChunk:Dg
JSCompiler_StaticMethods_re_frame$router$IEventQueue$_fsm_trigger$arity$3:Lk
JSCompiler_StaticMethods_re_frame$router$IEventQueue$_pause$arity$2:Ok
JSCompiler_StaticMethods_re_frame$router$IEventQueue$_process_1st_event_in_queue$arity$1:Mk
JSCompiler_StaticMethods_re_frame$router$IEventQueue$_run_next_tick$arity$1:Nk
JSCompiler_StaticMethods_re_frame$router$IEventQueue$_run_queue$arity$1:Kk
JSCompiler_StaticMethods_sval:Kd
JSCompiler_prototypeAlias:g
L 0:a
L 1:b
L 10:n
L 11:p
L 12:t
L 13:v
L 14:y
L 15:B
L 16:G
L 17:P
L 18:X
L 19:ea
L 2:c
L 20:Da
L 21:Oa
L 22:mh
L 3:d
L 4:e
L 5:f
L 6:h
L 7:k
L 8:l
L 9:m
app$core$app:pk
app$core$start:dl
cljs:La
cljs$core:Ma
cljs$core$ArrayChunk:Md
cljs$core$ArrayNode:Xf
cljs$core$ArrayNodeIterator:ag
cljs$core$ArrayNodeSeq:hg
cljs$core$Atom:te
cljs$core$BitmapIndexedNode:Tf
cljs$core$BitmapIndexedNode$EMPTY:Wf
cljs$core$Box:Mf
cljs$core$ChunkBuffer:Ld
cljs$core$ChunkedCons:Nd
cljs$core$ChunkedSeq:mf
cljs$core$Cons:Fd
cljs$core$ES6EntriesIterator:Bf
cljs$core$ES6Iterator:zc
cljs$core$ES6SetEntriesIterator:Cf
cljs$core$EmptyList:Ed
cljs$core$ExceptionInfo:ch
cljs$core$Fn:fb
cljs$core$HashCollisionNode:eg
cljs$core$HashMapIter:jg
cljs$core$HashSetIter:ug
cljs$core$ICollection:lb
cljs$core$ICounted:hb
cljs$core$IEmptyableCollection:jb
cljs$core$IEncodeJS:Yg
cljs$core$IFn:gb
cljs$core$IIndexed:nb
cljs$core$IIterable:hc
cljs$core$IKVReduce:Mb
cljs$core$IList:Tb
cljs$core$ILookup:sb
cljs$core$IMap:wb
cljs$core$IMeta:Hb
cljs$core$INIT:ie
cljs$core$INext:rb
cljs$core$IPrintWithWriter:Vb
cljs$core$IRecord:Ub
cljs$core$IReduce:Kb
cljs$core$ISeq:pb
cljs$core$ISeqable:Qb
cljs$core$ISequential:Sb
cljs$core$ISet:Ab
cljs$core$ITER_SYMBOL:ab
cljs$core$IVector:Eb
cljs$core$IndexedSeq:H
cljs$core$IndexedSeqIterator:Sc
cljs$core$KeySeq:og
cljs$core$Keyword:E
cljs$core$LazySeq:Jd
cljs$core$List:Wc
cljs$core$List$EMPTY:J
cljs$core$MapEntry:$e
cljs$core$MetaFn:ad
cljs$core$NeverEquiv:yf
cljs$core$NodeIterator:Sf
cljs$core$NodeSeq:fg
cljs$core$PROTOCOL_SENTINEL:r
cljs$core$PersistentArrayMap:Ra
cljs$core$PersistentArrayMap$EMPTY:he
cljs$core$PersistentArrayMap$HASHMAP_THRESHOLD:Jf
cljs$core$PersistentArrayMap$createAsIfByAssoc:Yc
cljs$core$PersistentArrayMapIterator:Ff
cljs$core$PersistentArrayMapSeq:Ef
cljs$core$PersistentHashMap:kg
cljs$core$PersistentHashMap$EMPTY:Kf
cljs$core$PersistentHashSet:vg
cljs$core$PersistentHashSet$EMPTY:xg
cljs$core$PersistentQueue:wf
cljs$core$PersistentQueue$EMPTY:xf
cljs$core$PersistentQueueIter:uf
cljs$core$PersistentQueueSeq:vf
cljs$core$PersistentVector:W
cljs$core$PersistentVector$EMPTY:Vc
cljs$core$PersistentVector$EMPTY_NODE:Y
cljs$core$PersistentVector$fromArray:ff
cljs$core$Range:Cg
cljs$core$RangeChunk:Ag
cljs$core$RangeIterator:Bg
cljs$core$RangedIterator:We
cljs$core$Reduced:Gc
cljs$core$Repeat:ze
cljs$core$START:je
cljs$core$SeqIter:ke
cljs$core$StringBufferWriter:jc
cljs$core$Subvec:of
cljs$core$Symbol:vc
cljs$core$TransientArrayMap:If
cljs$core$TransientHashMap:lg
cljs$core$TransientHashSet:wg
cljs$core$TransientVector:af
cljs$core$ValSeq:pg
cljs$core$VectorNode:Le
cljs$core$_EQ_:M
cljs$core$_STAR_print_level_STAR_:Pa
cljs$core$_add_watch:Xb
cljs$core$_as_transient:Zb
cljs$core$_assoc:ub
cljs$core$_assoc_BANG_:bc
cljs$core$_assoc_n:Fb
cljs$core$_chunked_first:dc
cljs$core$_chunked_rest:ec
cljs$core$_clj__GT_js:Zg
cljs$core$_conj:mb
cljs$core$_conj_BANG_:$b
cljs$core$_count:ib
cljs$core$_deref:Gb
cljs$core$_disjoin:Bb
cljs$core$_dissoc:xb
cljs$core$_drop_first:cc
cljs$core$_empty:kb
cljs$core$_equiv:Ob
cljs$core$_find:vb
cljs$core$_first:A
cljs$core$_hash:Pb
cljs$core$_indexOf$cljs$0core$0IFn$0_invoke$0arity$03:N
cljs$core$_iterator:ic
cljs$core$_key:yb
cljs$core$_kv_reduce:Nb
cljs$core$_lastIndexOf$cljs$0core$0IFn$0_invoke$0arity$03:Q
cljs$core$_lookup:tb
cljs$core$_meta:Ib
cljs$core$_nth:ob
cljs$core$_peek:Cb
cljs$core$_persistent_BANG_:ac
cljs$core$_pop:Db
cljs$core$_pr_writer:Wb
cljs$core$_reduce:Lb
cljs$core$_remove_watch:Yb
cljs$core$_reset_BANG_:fc
cljs$core$_rest:qb
cljs$core$_seq:Rb
cljs$core$_swap_BANG_:gc
cljs$core$_val:zb
cljs$core$_with_meta:Jb
cljs$core$_write:C
cljs$core$aclone:bb
cljs$core$apply:bd
cljs$core$apply$cljs$0core$0IFn$0_invoke$0arity$02:$d
cljs$core$apply$cljs$0core$0IFn$0_invoke$0arity$03:ae
cljs$core$apply$cljs$0core$0IFn$0_invoke$0arity$04:be
cljs$core$apply$cljs$0core$0IFn$0_invoke$0arity$05:ce
cljs$core$apply$cljs$0core$0IFn$0_invoke$0arity$0variadic:de
cljs$core$apply_to:Ud
cljs$core$apply_to_simple$cljs$0core$0IFn$0_invoke$0arity$03:Wd
cljs$core$apply_to_simple$cljs$0core$0IFn$0_invoke$0arity$04:Xd
cljs$core$apply_to_simple$cljs$0core$0IFn$0_invoke$0arity$05:Yd
cljs$core$apply_to_simple$cljs$0core$0IFn$0_invoke$0arity$06:Zd
cljs$core$array_QMARK_:Ya
cljs$core$array__GT_transient_hash_map:Lf
cljs$core$array_copy:od
cljs$core$array_for:Te
cljs$core$array_index_of:Df
cljs$core$array_reduce$cljs$0core$0IFn$0_invoke$0arity$02:Lc
cljs$core$array_reduce$cljs$0core$0IFn$0_invoke$0arity$03:Mc
cljs$core$array_reduce$cljs$0core$0IFn$0_invoke$0arity$04:Nc
cljs$core$assoc:U
cljs$core$assoc_in:Fe
cljs$core$bit_count:Dd
cljs$core$boolean$0:qd
cljs$core$bounded_count:Qd
cljs$core$build_subvec:pf
cljs$core$char_escapes:Jg
cljs$core$chunk_append:Pd
cljs$core$chunk_cons:Od
cljs$core$chunked_seq:ef
cljs$core$chunked_seq$cljs$0core$0IFn$0_invoke$0arity$04:df
cljs$core$chunked_seq$cljs$0core$0IFn$0_invoke$0arity$05:nf
cljs$core$chunked_seq_QMARK_:nd
cljs$core$ci_reduce$cljs$0core$0IFn$0_invoke$0arity$02:Jc
cljs$core$ci_reduce$cljs$0core$0IFn$0_invoke$0arity$03:Kc
cljs$core$clj__GT_js:ah
cljs$core$clone_and_set$cljs$0core$0IFn$0_invoke$0arity$03:Of
cljs$core$coll_QMARK_:hd
cljs$core$complement:ne
cljs$core$concat:Sd
cljs$core$conj:Uc
cljs$core$conj_BANG_:Td
cljs$core$cons:R
cljs$core$contains_QMARK_:sd
cljs$core$count:O
cljs$core$counted_QMARK_:Oc
cljs$core$create_array_node_seq:cg
cljs$core$create_array_node_seq$cljs$0core$0IFn$0_invoke$0arity$01:bg
cljs$core$create_array_node_seq$cljs$0core$0IFn$0_invoke$0arity$03:ig
cljs$core$create_inode_seq:Vf
cljs$core$create_inode_seq$cljs$0core$0IFn$0_invoke$0arity$01:Uf
cljs$core$create_inode_seq$cljs$0core$0IFn$0_invoke$0arity$03:gg
cljs$core$create_node:Zf
cljs$core$create_node$cljs$0core$0IFn$0_invoke$0arity$06:$f
cljs$core$create_node$cljs$0core$0IFn$0_invoke$0arity$07:Yf
cljs$core$deref:Ic
cljs$core$disj:fd
cljs$core$dissoc:Zc
cljs$core$do_assoc:Ue
cljs$core$drop$cljs$0core$0IFn$0_invoke$0arity$02:xe
cljs$core$drop_last$cljs$0core$0IFn$0_invoke$0arity$02:ye
cljs$core$edit_and_set$cljs$0core$0IFn$0_invoke$0arity$04:Qf
cljs$core$empty_QMARK_:gd
cljs$core$empty_ordered_hash:Cc
cljs$core$empty_unordered_hash:Ec
cljs$core$equiv_map:Af
cljs$core$equiv_sequential:Tc
cljs$core$es6_iterator:Ac
cljs$core$every_QMARK_:le
cljs$core$ex_info$cljs$0core$0IFn$0_invoke$0arity$02:dh
cljs$core$filter$cljs$0core$0IFn$0_invoke$0arity$02:Be
cljs$core$first:I
cljs$core$flatten:Ee
cljs$core$fn_QMARK_:$c
cljs$core$fnil$cljs$0core$0IFn$0_invoke$0arity$02:pe
cljs$core$gensym$cljs$0core$0IFn$0_invoke$0arity$01:Xg
cljs$core$gensym_counter:Wg
cljs$core$get:D
cljs$core$hash:tc
cljs$core$hash_collision_node_find_index:dg
cljs$core$hash_combine:uc
cljs$core$hash_map:ng
cljs$core$hash_ordered_coll:Bc
cljs$core$hash_string:sc
cljs$core$hash_unordered_coll:Dc
cljs$core$identity:zd
cljs$core$ifn_QMARK_:rd
cljs$core$imul:lc
cljs$core$inc:Fc
cljs$core$indexed_QMARK_:Pc
cljs$core$inode_kv_reduce:Rf
cljs$core$into:qe
cljs$core$into_array$cljs$0core$0IFn$0_invoke$0arity$02:cb
cljs$core$iter_reduce$cljs$0core$0IFn$0_invoke$0arity$02:vd
cljs$core$iter_reduce$cljs$0core$0IFn$0_invoke$0arity$03:wd
cljs$core$iterable_QMARK_:xc
cljs$core$keep$cljs$0core$0IFn$0_invoke$0arity$02:se
cljs$core$key:jf
cljs$core$key__GT_js$cljs$0core$0IFn$0_invoke$0arity$02:$g
cljs$core$key_test:Nf
cljs$core$keys:Gf
cljs$core$keyword:Id
cljs$core$keyword_identical_QMARK_:Gd
cljs$core$lift_ns:Tg
cljs$core$linear_traversal_nth$cljs$0core$0IFn$0_invoke$0arity$03:Xc
cljs$core$lookup_sentinel:pd
cljs$core$m3_fmix:oc
cljs$core$m3_hash_unencoded_chars:pc
cljs$core$m3_mix_H1:nc
cljs$core$m3_mix_K1:mc
cljs$core$map:we
cljs$core$map_QMARK_:kd
cljs$core$map_entry_QMARK_:hf
cljs$core$max:Bd
cljs$core$max_key:zg
cljs$core$merge:qg
cljs$core$meta:dd
cljs$core$missing_protocol:x
cljs$core$name:V
cljs$core$namespace:Hd
cljs$core$native_satisfies_QMARK_:w
cljs$core$never_equiv:zf
cljs$core$new_path:Pe
cljs$core$next:K
cljs$core$next_STAR_:Vd
cljs$core$nil_QMARK_:Xa
cljs$core$nil_iter:fe
cljs$core$not:Za
cljs$core$not_empty:ee
cljs$core$nth:Rc
cljs$core$nth$cljs$0core$0IFn$0_invoke$0arity$02:Qc
cljs$core$nth$cljs$0core$0IFn$0_invoke$0arity$03:T
cljs$core$partial:oe
cljs$core$peek:ed
cljs$core$pop_tail:Ve
cljs$core$pr_opts:Qa
cljs$core$pr_sb_with_opts:Qg
cljs$core$pr_sequential_writer:Gg
cljs$core$pr_str_STAR_:kc
cljs$core$pr_str_with_opts:Rg
cljs$core$pr_writer:Z
cljs$core$pr_writer_impl:Mg
cljs$core$prim_seq$cljs$0core$0IFn$0_invoke$0arity$02:S
cljs$core$print_map:Ng
cljs$core$print_meta_QMARK_:Lg
cljs$core$print_prefix_map:Ug
cljs$core$push_tail:Qe
cljs$core$pv_clone_node:Ne
cljs$core$pv_fresh_node:Me
cljs$core$pv_reduce$cljs$0core$0IFn$0_invoke$0arity$04:Ye
cljs$core$pv_reduce$cljs$0core$0IFn$0_invoke$0arity$05:Ze
cljs$core$quot:Cd
cljs$core$quote_string:Kg
cljs$core$range$cljs$0core$0IFn$0_invoke$0arity$03:Eg
cljs$core$ranged_iterator:Xe
cljs$core$re_matches:Fg
cljs$core$record_QMARK_:ld
cljs$core$reduce:eb
cljs$core$reduce$cljs$0core$0IFn$0_invoke$0arity$02:xd
cljs$core$reduce$cljs$0core$0IFn$0_invoke$0arity$03:db
cljs$core$reduce_kv:yd
cljs$core$reduced_QMARK_:Hc
cljs$core$remove$cljs$0core$0IFn$0_invoke$0arity$02:Ce
cljs$core$remove_pair:Pf
cljs$core$repeat$cljs$0core$0IFn$0_invoke$0arity$02:Ae
cljs$core$reset_BANG_:ue
cljs$core$rest:yc
cljs$core$select_keys:rg
cljs$core$seq:F
cljs$core$seq_reduce$cljs$0core$0IFn$0_invoke$0arity$02:td
cljs$core$seq_reduce$cljs$0core$0IFn$0_invoke$0arity$03:ud
cljs$core$sequential_QMARK_:jd
cljs$core$set:yg
cljs$core$set_QMARK_:id
cljs$core$some:me
cljs$core$spread:Rd
cljs$core$str:z
cljs$core$string_hash_cache:qc
cljs$core$string_hash_cache_count:rc
cljs$core$strip_ns:Sg
cljs$core$subvec:qf
cljs$core$swap_BANG_:ve
cljs$core$symbol:wc
cljs$core$t_cljs$0core6540:Na
cljs$core$tail_off:Oe
cljs$core$transduce$cljs$0core$0IFn$0_invoke$0arity$04:Ad
cljs$core$tree_seq:De
cljs$core$truth_:u
cljs$core$tv_editable_root:bf
cljs$core$tv_editable_tail:cf
cljs$core$tv_ensure_editable:rf
cljs$core$tv_push_tail:sf
cljs$core$type__GT_str:$a
cljs$core$unchecked_array_for:Se
cljs$core$update$cljs$0core$0IFn$0_invoke$0arity$03:He
cljs$core$update$cljs$0core$0IFn$0_invoke$0arity$04:Je
cljs$core$update_in:Ge
cljs$core$val:kf
cljs$core$vals:Hf
cljs$core$vec:gf
cljs$core$vector:lf
cljs$core$vector_QMARK_:md
cljs$core$vector_index_out_of_bounds:Re
cljs$core$with_meta:cd
cljs$core$write_all$cljs$0core$0IFn$0_invoke$0arity$0variadic:Ig
cljs$cst$keyword$_LT__GT_:Fh
cljs$cst$keyword$add_DASH_event:$h
cljs$cst$keyword$after:Ph
cljs$cst$keyword$alt_DASH_impl:Og
cljs$cst$keyword$atom:Ai
cljs$cst$keyword$auto_DASH_run:hh
cljs$cst$keyword$before:Uh
cljs$cst$keyword$childContextTypes:rh
cljs$cst$keyword$class:th
cljs$cst$keyword$cljsLegacyRender:vh
cljs$cst$keyword$cljs_DOT_core_SLASH_not_DASH_found:tg
cljs$cst$keyword$coeffects:Ie
cljs$cst$keyword$cofx:Eh
cljs$cst$keyword$componentWillUnmount:ai
cljs$cst$keyword$component_DASH_did_DASH_update:Qh
cljs$cst$keyword$component_DASH_will_DASH_unmount:ti
cljs$cst$keyword$constructor:qh
cljs$cst$keyword$contextType:bi
cljs$cst$keyword$contextTypes:oi
cljs$cst$keyword$db:Yh
cljs$cst$keyword$db_DASH_handler:yi
cljs$cst$keyword$debug:si
cljs$cst$keyword$deregister_DASH_event_DASH_handler:ni
cljs$cst$keyword$dispatch:uh
cljs$cst$keyword$dispatch_DASH_later:Mh
cljs$cst$keyword$dispatch_DASH_n:Lh
cljs$cst$keyword$displayName:jh
cljs$cst$keyword$display_DASH_name:li
cljs$cst$keyword$div:ji
cljs$cst$keyword$do_DASH_fx:ii
cljs$cst$keyword$dup:Va
cljs$cst$keyword$effects:hi
cljs$cst$keyword$error:di
cljs$cst$keyword$event:ei
cljs$cst$keyword$exception:Gh
cljs$cst$keyword$fallback_DASH_impl:Pg
cljs$cst$keyword$finish_DASH_run:Hh
cljs$cst$keyword$flush_DASH_dom:Rh
cljs$cst$keyword$flush_DASH_on_DASH_newline:Sa
cljs$cst$keyword$fsm_DASH_state:ph
cljs$cst$keyword$fx:Kh
cljs$cst$keyword$getDerivedStateFromError:oh
cljs$cst$keyword$getDerivedStateFromProps:fi
cljs$cst$keyword$getInitialState:Bh
cljs$cst$keyword$group:wi
cljs$cst$keyword$groupEnd:zi
cljs$cst$keyword$h1:Ih
cljs$cst$keyword$id:qi
cljs$cst$keyword$idle:eh
cljs$cst$keyword$initialize_DASH_db:ih
cljs$cst$keyword$key:Xh
cljs$cst$keyword$keyword_DASH_fn:bh
cljs$cst$keyword$log:kh
cljs$cst$keyword$map:nh
cljs$cst$keyword$meta:Ua
cljs$cst$keyword$more_DASH_marker:Hg
cljs$cst$keyword$ms:fh
cljs$cst$keyword$name:yh
cljs$cst$keyword$no_DASH_cache:Dh
cljs$cst$keyword$on_DASH_dispose:lh
cljs$cst$keyword$on_DASH_set:Ch
cljs$cst$keyword$on_DASH_write:Wh
cljs$cst$keyword$pause:ui
cljs$cst$keyword$paused:Oh
cljs$cst$keyword$print_DASH_length:Wa
cljs$cst$keyword$queue:Ke
cljs$cst$keyword$re_DASH_frame_DOT_std_DASH_interceptors_SLASH_not_DASH_found:ki
cljs$cst$keyword$re_DASH_frame_DOT_std_DASH_interceptors_SLASH_untrimmed_DASH_event:zh
cljs$cst$keyword$readably:Ta
cljs$cst$keyword$reagentRender:xh
cljs$cst$keyword$reagent_DASH_render:Th
cljs$cst$keyword$render:gh
cljs$cst$keyword$resume:ri
cljs$cst$keyword$run_DASH_queue:vi
cljs$cst$keyword$running:sh
cljs$cst$keyword$scheduled:ci
cljs$cst$keyword$sequential:Jh
cljs$cst$keyword$set:Zh
cljs$cst$keyword$shouldComponentUpdate:pi
cljs$cst$keyword$stack:wh
cljs$cst$keyword$sub:Sh
cljs$cst$keyword$trigger:Vh
cljs$cst$keyword$trim_DASH_v:Nh
cljs$cst$keyword$unnamed:xi
cljs$cst$keyword$val:Vg
cljs$cst$keyword$validator:gi
cljs$cst$keyword$warn:Ah
cljs$cst$keyword$yield:mi
cljs$cst$symbol$meta6541:ge
clojure$data$atom_diff:Tk
clojure$data$diff:Wk
clojure$data$diff_associative:Xk
clojure$data$diff_associative_key:Vk
clojure$data$diff_sequential:Yk
clojure$data$diff_set:Zk
clojure$data$diff_similar:al
clojure$data$equality_partition:$k
clojure$data$vectorize:Uk
clojure$set$bubble_max_key:cj
clojure$set$difference:fj
clojure$set$intersection:ej
clojure$set$union$cljs$0core$0IFn$0_invoke$0arity$02:dj
clojure$string$join$cljs$0core$0IFn$0_invoke$0arity$02:Ji
clojure$string$replace:Ii
clojure$string$replace_all:Gi
clojure$string$replace_with:Hi
clojure$string$split$cljs$0core$0IFn$0_invoke$0arity$03:Ki
cur$jscomp$inline_1171:gl
goog$UID_PROPERTY_:fa
goog$async$nextTick:uk
goog$bind:ka
goog$bindJs_:ja
goog$bindNative_:ia
goog$dom$createElement_:tk
goog$dom$safe$setIframeSrc:Ja
goog$getUid:da
goog$global:ba
goog$html$SafeHtml:Fa
goog$html$SafeHtml$EMPTY:Ia
goog$html$SafeHtml$TYPE_MARKER_GOOG_HTML_SECURITY_PRIVATE_:Ga
goog$html$SafeHtml$unwrapTrustedHTML:Ha
goog$html$SafeScript:ta
goog$html$SafeStyle:za
goog$html$SafeStyleSheet:Aa
goog$html$TrustedResourceUrl:ua
goog$html$TrustedResourceUrl$CONSTRUCTOR_TOKEN_PRIVATE_:va
goog$html$TrustedResourceUrl$TYPE_MARKER_GOOG_HTML_SECURITY_PRIVATE_:wa
goog$isFunction:ca
goog$labs$userAgent$platform$isIphone:rk
goog$labs$userAgent$util$matchUserAgent:Ea
goog$labs$userAgent$util$userAgent_:ya
goog$object$PROTOTYPE_FIELDS_:na
goog$object$extend:oa
goog$object$get:ma
goog$object$getKeys:la
goog$string$Const:pa
goog$string$Const$EMPTY:sa
goog$string$Const$GOOG_STRING_CONSTRUCTOR_TOKEN_PRIVATE_:qa
goog$string$Const$TYPE_MARKER_:ra
goog$string$StringBuffer:Ka
goog$string$internal$caseInsensitiveContains:xa
goog$typeOf:q
goog$uidCounter_:ha
module$node_modules$react$index:Fi
module$node_modules$react_dom$index:lk
navigator$jscomp$inline_118:Ba
navigator$jscomp$inline_745:sk
opt_object$jscomp$inline_1168:el
part$jscomp$inline_1172:hl
parts$jscomp$inline_1170:fl
re_frame$cofx$inject_db:Sk
re_frame$core$reg_event_db:cl
re_frame$db$app_db:wk
re_frame$events$_STAR_handling_STAR_:Ik
re_frame$fx$do_fx:Rk
re_frame$interceptor$__GT_interceptor$cljs$0core$0IFn$0_invoke$0arity$0variadic:Fk
re_frame$interceptor$get_coeffect$cljs$0core$0IFn$0_invoke$0arity$02:Gk
re_frame$interceptor$invoke_interceptors:Hk
re_frame$interop$empty_queue:re
re_frame$interop$set_timeout_BANG_:vk
re_frame$loggers$console:yk
re_frame$loggers$console$cljs$0core$0IFn$0_invoke$0arity$0variadic:zk
re_frame$loggers$loggers:xk
re_frame$registrar$clear_handlers:Ek
re_frame$registrar$get_handler$cljs$0core$0IFn$0_invoke$0arity$02:Ck
re_frame$registrar$kind__GT_id__GT_handler:Bk
re_frame$registrar$register_handler:Dk
re_frame$router$dispatch:Qk
re_frame$router$event_queue:Pk
re_frame$router$later_fns:Jk
re_frame$std_interceptors$db_handler__GT_interceptor:bl
re_frame$utils$dissoc_in:Ak
reagent$core$after_render:qk
reagent$dom$render$cljs$0core$0IFn$0_invoke$0arity$03:ok
reagent$dom$render_comp:nk
reagent$dom$roots:mk
reagent$impl$batching$RenderQueue:$i
reagent$impl$batching$compare_mount_order:Wi
reagent$impl$batching$enqueue:Zi
reagent$impl$batching$fake_raf:Ui
reagent$impl$batching$mount_count:Ti
reagent$impl$batching$next_tick:Vi
reagent$impl$batching$queue_render:bj
reagent$impl$batching$ratom_flush:Xi
reagent$impl$batching$render_queue:aj
reagent$impl$batching$run_funs:Yi
reagent$impl$component$_STAR_current_component_STAR_:yj
reagent$impl$component$as_element:Bj
reagent$impl$component$built_in_static_method_names:sg
reagent$impl$component$camelify_map_keys:Ij
reagent$impl$component$create_class:Lj
reagent$impl$component$custom_wrapper:Ej
reagent$impl$component$dash_to_method_name:Hj
reagent$impl$component$get_wrapper:Fj
reagent$impl$component$map_to_js:Kj
reagent$impl$component$obligatory:Gj
reagent$impl$component$props_argv:zj
reagent$impl$component$rat_opts:xj
reagent$impl$component$reagent_class_QMARK_:Aj
reagent$impl$component$static_fns:Dj
reagent$impl$component$wrap_funs:Jj
reagent$impl$component$wrap_render:Cj
reagent$impl$template$HiccupTag:dk
reagent$impl$template$as_element:ik
reagent$impl$template$cache_get:Oj
reagent$impl$template$convert_custom_prop_value:Tj
reagent$impl$template$convert_prop_value:Qj
reagent$impl$template$custom_kv_conv:Sj
reagent$impl$template$custom_prop_name_cache:Rj
reagent$impl$template$expand_seq:kk
reagent$impl$template$find_dom_node:Uj
reagent$impl$template$get_key:ek
reagent$impl$template$input_component_set_value:Xj
reagent$impl$template$input_handle_change:Yj
reagent$impl$template$input_node_set_value:Wj
reagent$impl$template$input_render_setup:Zj
reagent$impl$template$input_spec:ck
reagent$impl$template$key_from_vec:fk
reagent$impl$template$kv_conv:Pj
reagent$impl$template$make_element:bk
reagent$impl$template$native_element:hk
reagent$impl$template$prop_name_cache:Nj
reagent$impl$template$re_tag:Mj
reagent$impl$template$reagent_input_class:ak
reagent$impl$template$tag_name_cache:gk
reagent$impl$template$these_inputs_have_selection_api:Vj
reagent$impl$template$vec_to_elem:jk
reagent$impl$util$_STAR_always_update_STAR_:Si
reagent$impl$util$capitalize:Ni
reagent$impl$util$class_names:Ri
reagent$impl$util$dash_to_prop_name:Oi
reagent$impl$util$dont_camel_case:Mi
reagent$impl$util$fun_name:Pi
reagent$impl$util$is_client:Li
reagent$impl$util$named_QMARK_:Qi
reagent$ratom$RAtom:pj
reagent$ratom$Reaction:tj
reagent$ratom$_STAR_ratom_context_STAR_:gj
reagent$ratom$add_w:jj
reagent$ratom$atom:qj
reagent$ratom$deref_capture:hj
reagent$ratom$dispose_BANG_:rj
reagent$ratom$flush_BANG_:oj
reagent$ratom$handle_reaction_change:sj
reagent$ratom$make_reaction:uj
reagent$ratom$notify_deref_watcher_BANG_:ij
reagent$ratom$notify_w:lj
reagent$ratom$pr_atom:mj
reagent$ratom$rea_queue:nj
reagent$ratom$remove_w:kj
reagent$ratom$run_in_reaction:wj
reagent$ratom$temp_reaction:vj
shadow$js$files:Bi
shadow$js$jsRequire:Ei
shadow$js$nativeRequires:Ci
shadow$js$requireStack:Di
userAgent$jscomp$inline_119:Ca
